0  /----------------\            /------------------\                                                
   <################>            <##################>                                                
/--<################>    2+      <##################>                                                
<###################>------\     <##################>         &&&&&                                  
(__________________________)     <##################>                                        @@      
                                 <##################>    +         +             1           @@  +   
                                 <##################>    !       /-----------------------------------\
                                 <##################>    !       (___________________________________)
      +     1      * * * *       <##################> +  !                                           
  * /----------------------------<##################>-----\                                          
  * <#####################################################>                                          
  * (_____________________________________________________)    +            *                        
  *                                                            !         *     *                     
  *                                                         +  !      *           *                  
  *               *******                                   !  !                                     
/----------------------------------------------------------------------\          /------------------\
<######################################################################>          <##################>
<######################################################################>          <##################>
<######################################################################>          <##################>
<######################################################################>          <##################>
<######################################################################>    2     <##################>
<######################################################################>----------<##################>