                                                                                       &&&
                                                                                       &&&
                                                                                       &&&
                                                                                       &&&
                                                                                     &&&&&&&
                                                                                      &&&&&
                                                                                       &&&
                                                                                        &
                        +                           *   *   *                   
                       &&&&     /---------------\   &&&&&&&&&   /--------------\
                                (_______________)               (______________)      
                                                                                     
                                                                                     
                       +
                      /-\
                      (_)
                               *****
                              &&&&&&&
                            &&&&&&&&&&&
                          &&&&&&&&&&&&&&&
    &&&&
*                                          *******
+                                          &&&&&&&                            +
!                                                                             !
!*       +2 *   *  +                                                          !
!+       &&&&&&&&&&&               +      +       +      +                    !
!!*                                !1     !1  *   !1     !   * * * *          !
!!+                       /-----------------------------------------------------\
!!!                       (_____________________________________________________)
/------\                                 +
<######>                  +              !
(______)  &               !              !
            **            !******1*******!
           &&&&           &&&&&&&&&&&&&&&&

                   +
                   !
                   !
          +1       !
         &&&&&&&&&&&&&
                                                                                   +
    +                                                                       + 2    !     2
    !                                                                       /-------------
    !                                                                       <#############
   +!+                 *             @@                                     <#####&#######
0  !!!1                +           + @@ 2    *   1  *      *   2  *     1   <####&&&&&&###
------------------------\         /-----------------------------------------<###&&&&&&&###
########################>         <##############################################&&&&&&###
########################>         <###############################################&#######
########################>         <#######################################################