















    &&&&
*                                          *******
+                                          &&&&&&&
!
!*       +2 *   *  +
!+       &&&&&&&&&&&               +      +       +      +
!!*                                !1     !1  *   !1     !   * * * *
!!+                       /-----------------------------------------------------\
!!!
/------\
<######> 
(______)  &
            **
           &&&&

                   +
                   !
                   !
          +1       !
         &&&&&&&&&&&&&

    +
    !                                                                       /-------------
    !                                                                       <#############
   +!+                 *          @@                                        <#############
0  !!!1                +          @@         *      *      *      *         <#############
------------------------\         /-----------------------------------------<#############
########################>         <#######################################################
########################>         <#######################################################
########################>         <#######################################################